#-----------------------------------------------------------
# Vivado v2024.2 (64-bit)
# SW Build 5239630 on Fri Nov 08 22:35:27 MST 2024
# IP Build 5239520 on Sun Nov 10 16:12:51 MST 2024
# SharedData Build 5239561 on Fri Nov 08 14:39:27 MST 2024
# Start of session at: Sun Feb  8 22:55:48 2026
# Process ID         : 45840
# Current directory  : C:/Users/PC/Desktop/fec_verf/prj/fec_lasercom
# Command line       : vivado.exe -gui_launcher_event rodinguilauncherevent23972 C:\Users\PC\Desktop\fec_verf\prj\fec_lasercom\fec_lasercom.xpr
# Log file           : C:/Users/PC/Desktop/fec_verf/prj/fec_lasercom/vivado.log
# Journal file       : C:/Users/PC/Desktop/fec_verf/prj/fec_lasercom\vivado.jou
# Running On         : FSO-A
# Platform           : Windows Server 2016 or Windows 10
# Operating System   : 19045
# Processor Detail   : 13th Gen Intel(R) Core(TM) i9-13900K
# CPU Frequency      : 2995 MHz
# CPU Physical cores : 24
# CPU Logical cores  : 32
# Host memory        : 68263 MB
# Swap memory        : 10200 MB
# Total Virtual      : 78464 MB
# Available Virtual  : 38392 MB
#-----------------------------------------------------------
start_gui
open_project C:/Users/PC/Desktop/fec_verf/prj/fec_lasercom/fec_lasercom.xpr
update_compile_order -fileset sources_1
reset_run impl_tx
reset_run impl_rx
launch_runs impl_tx impl_rx -to_step write_bitstream -jobs 32
# 1. 设置 impl_rx 的顶层为 fec_rx_fpga_top
set_property TOP fec_rx_fpga_top [get_filesets sources_1]
# 注意：这会影响整个 Project 的 Active Top。Vivado 不支持在同一个 Project 中同时设两个 Active Top。
update_compile_order -fileset sources_1
# 1. 强制将当前设计顶层切换为 RX
set_property top fec_rx_fpga_top [current_fileset]
# 2. 重置并重新运行 RX 流程
reset_run synth_rx
launch_runs impl_rx -to_step write_bitstream -jobs 8
