#-----------------------------------------------------------
# Vivado v2024.2 (64-bit)
# SW Build 5239630 on Fri Nov 08 22:35:27 MST 2024
# IP Build 5239520 on Sun Nov 10 16:12:51 MST 2024
# SharedData Build 5239561 on Fri Nov 08 14:39:27 MST 2024
# Start of session at: Tue Jan 27 20:49:05 2026
# Process ID         : 38088
# Current directory  : C:/Users/PC/Desktop/fec_verf/prj/fec_lasercom
# Command line       : vivado.exe -gui_launcher_event rodinguilauncherevent40900 C:\Users\PC\Desktop\fec_verf\prj\fec_lasercom\fec_lasercom.xpr
# Log file           : C:/Users/PC/Desktop/fec_verf/prj/fec_lasercom/vivado.log
# Journal file       : C:/Users/PC/Desktop/fec_verf/prj/fec_lasercom\vivado.jou
# Running On         : FSO-A
# Platform           : Windows Server 2016 or Windows 10
# Operating System   : 19045
# Processor Detail   : 13th Gen Intel(R) Core(TM) i9-13900K
# CPU Frequency      : 2995 MHz
# CPU Physical cores : 24
# CPU Logical cores  : 32
# Host memory        : 68263 MB
# Swap memory        : 10200 MB
# Total Virtual      : 78464 MB
# Available Virtual  : 46265 MB
#-----------------------------------------------------------
start_gui
open_project C:/Users/PC/Desktop/fec_verf/prj/fec_lasercom/fec_lasercom.xpr
update_compile_order -fileset sources_1
close [ open C:/Users/PC/Desktop/fec_verf/prj/fec_lasercom/fec_lasercom.srcs/sources_1/new/fec_tx_fpga_top.v w ]
add_files C:/Users/PC/Desktop/fec_verf/prj/fec_lasercom/fec_lasercom.srcs/sources_1/new/fec_tx_fpga_top.v
update_compile_order -fileset sources_1
add_files -norecurse {C:/Users/PC/Desktop/fec_verf/src/sources_1/ip/clk_wiz_sys/clk_wiz_sys.xci C:/Users/PC/Desktop/fec_verf/src/sources_1/ip/gtwizard_ultrascale_0/gtwizard_ultrascale_0.xci}
add_files -norecurse C:/Users/PC/Desktop/fec_verf/src/sources_1/new/fec_tx.v
update_compile_order -fileset sources_1
add_files -norecurse C:/Users/PC/Desktop/fec_verf/src/sources_1/new/gth_raw_top.v
update_compile_order -fileset sources_1
add_files -norecurse {C:/Users/PC/Desktop/fec_verf/src/sources_1/new/1/crc32.v C:/Users/PC/Desktop/fec_verf/src/sources_1/new/1/AdditiveScrambler.v C:/Users/PC/Desktop/fec_verf/src/sources_1/new/1/bit_aligner_ind.v C:/Users/PC/Desktop/fec_verf/src/sources_1/new/1/fso_framer.v C:/Users/PC/Desktop/fec_verf/src/sources_1/new/1/fso_deframer.v}
update_compile_order -fileset sources_1
add_files -norecurse C:/Users/PC/Desktop/fec_verf/src/sources_1/new/rs_interleaver_xpm.v
update_compile_order -fileset sources_1
add_files -norecurse C:/Users/PC/Desktop/fec_verf/src/sources_1/new/rs_encode_frontend.v
update_compile_order -fileset sources_1
add_files -norecurse C:/Users/PC/Desktop/fec_verf/src/sources_1/new/gearbox_8to32_bs.v
update_compile_order -fileset sources_1
add_files -norecurse C:/Users/PC/Desktop/fec_verf/src/sources_1/ip/async_fifo_32w_32r/async_fifo_32w_32r.xci
update_compile_order -fileset sources_1
add_files -fileset constrs_1 -norecurse C:/Users/PC/Desktop/fec_verf/src/constrs_1/new/system_cons.xdc
# Disabling source management mode.  This is to allow the top design properties to be set without GUI intervention.
set_property source_mgmt_mode None [current_project]
set_property top fec_tx_fpga_top [current_fileset]
# Re-enabling previously disabled source management mode.
set_property source_mgmt_mode All [current_project]
update_compile_order -fileset sources_1
add_files -norecurse C:/Users/PC/Desktop/fec_verf/src/sources_1/ip/fifo_0/fifo_0.xci
update_compile_order -fileset sources_1
add_files -norecurse C:/Users/PC/Desktop/fec_verf/src/sources_1/new/fifo_8b_flag_sync.v
update_compile_order -fileset sources_1
launch_runs synth_1 -jobs 32
wait_on_run synth_1
reset_run synth_1
launch_runs synth_1 -jobs 32
wait_on_run synth_1
