
*** Running vivado
    with args -log gtwizard_ultrascale_0.vds -m64 -product Vivado -mode batch -messageDb vivado.pb -notrace -source gtwizard_ultrascale_0.tcl



****** Vivado v2024.2 (64-bit)
  **** SW Build 5239630 on Fri Nov 08 22:35:27 MST 2024
  **** IP Build 5239520 on Sun Nov 10 16:12:51 MST 2024
  **** SharedData Build 5239561 on Fri Nov 08 14:39:27 MST 2024
  **** Start of session at: Thu Jan 29 22:03:44 2026
    ** Copyright 1986-2022 Xilinx, Inc. All Rights Reserved.
    ** Copyright 2022-2024 Advanced Micro Devices, Inc. All Rights Reserved.

Sourcing tcl script 'D:/2024_2/Vivado/2024.2/scripts/Vivado_init.tcl'
source gtwizard_ultrascale_0.tcl -notrace
INFO: [IP_Flow 19-6924] IPCACHE: Running cache check for IP inst: gtwizard_ultrascale_0
INFO: [IP_Flow 19-6922] IPCACHE: Exporting cached entry ff27705b704277fa to dir: C:/Users/PC/Desktop/fec_verf/prj/fec_lasercom/fec_lasercom.runs/gtwizard_ultrascale_0_synth_1
INFO: [IP_Flow 19-6928] IPCACHE: copied cached file c:/Users/PC/Desktop/fec_verf/prj/fec_lasercom/fec_lasercom.cache/ip/2024.2/f/f/ff27705b704277fa/gtwizard_ultrascale_0.dcp to C:/Users/PC/Desktop/fec_verf/prj/fec_lasercom/fec_lasercom.runs/gtwizard_ultrascale_0_synth_1/gtwizard_ultrascale_0.dcp.
INFO: [IP_Flow 19-6928] IPCACHE: copied cached file c:/Users/PC/Desktop/fec_verf/prj/fec_lasercom/fec_lasercom.cache/ip/2024.2/f/f/ff27705b704277fa/gtwizard_ultrascale_0_sim_netlist.v to C:/Users/PC/Desktop/fec_verf/prj/fec_lasercom/fec_lasercom.runs/gtwizard_ultrascale_0_synth_1/gtwizard_ultrascale_0_sim_netlist.v.
INFO: [IP_Flow 19-6928] IPCACHE: copied cached file c:/Users/PC/Desktop/fec_verf/prj/fec_lasercom/fec_lasercom.cache/ip/2024.2/f/f/ff27705b704277fa/gtwizard_ultrascale_0_sim_netlist.vhdl to C:/Users/PC/Desktop/fec_verf/prj/fec_lasercom/fec_lasercom.runs/gtwizard_ultrascale_0_synth_1/gtwizard_ultrascale_0_sim_netlist.vhdl.
INFO: [IP_Flow 19-6928] IPCACHE: copied cached file c:/Users/PC/Desktop/fec_verf/prj/fec_lasercom/fec_lasercom.cache/ip/2024.2/f/f/ff27705b704277fa/gtwizard_ultrascale_0_stub.v to C:/Users/PC/Desktop/fec_verf/prj/fec_lasercom/fec_lasercom.runs/gtwizard_ultrascale_0_synth_1/gtwizard_ultrascale_0_stub.v.
INFO: [IP_Flow 19-6928] IPCACHE: copied cached file c:/Users/PC/Desktop/fec_verf/prj/fec_lasercom/fec_lasercom.cache/ip/2024.2/f/f/ff27705b704277fa/gtwizard_ultrascale_0_stub.vhdl to C:/Users/PC/Desktop/fec_verf/prj/fec_lasercom/fec_lasercom.runs/gtwizard_ultrascale_0_synth_1/gtwizard_ultrascale_0_stub.vhdl.
INFO: [IP_Flow 19-4838] Using cached IP synthesis design for IP gtwizard_ultrascale_0, cache-ID = ff27705b704277fa.
INFO: [Common 17-206] Exiting Vivado at Thu Jan 29 22:03:49 2026...
