
*** Running vivado
    with args -log clk_wiz_sys.vds -m64 -product Vivado -mode batch -messageDb vivado.pb -notrace -source clk_wiz_sys.tcl



****** Vivado v2024.2 (64-bit)
  **** SW Build 5239630 on Fri Nov 08 22:35:27 MST 2024
  **** IP Build 5239520 on Sun Nov 10 16:12:51 MST 2024
  **** SharedData Build 5239561 on Fri Nov 08 14:39:27 MST 2024
  **** Start of session at: Thu Jan 29 22:03:44 2026
    ** Copyright 1986-2022 Xilinx, Inc. All Rights Reserved.
    ** Copyright 2022-2024 Advanced Micro Devices, Inc. All Rights Reserved.

Sourcing tcl script 'D:/2024_2/Vivado/2024.2/scripts/Vivado_init.tcl'
source clk_wiz_sys.tcl -notrace
INFO: [IP_Flow 19-6924] IPCACHE: Running cache check for IP inst: clk_wiz_sys
INFO: [IP_Flow 19-6922] IPCACHE: Exporting cached entry 06263d495aba296c to dir: C:/Users/PC/Desktop/fec_verf/prj/fec_lasercom/fec_lasercom.runs/clk_wiz_sys_synth_1
INFO: [IP_Flow 19-6928] IPCACHE: copied cached file c:/Users/PC/Desktop/fec_verf/prj/fec_lasercom/fec_lasercom.cache/ip/2024.2/0/6/06263d495aba296c/clk_wiz_sys.dcp to C:/Users/PC/Desktop/fec_verf/prj/fec_lasercom/fec_lasercom.runs/clk_wiz_sys_synth_1/clk_wiz_sys.dcp.
INFO: [IP_Flow 19-6928] IPCACHE: copied cached file c:/Users/PC/Desktop/fec_verf/prj/fec_lasercom/fec_lasercom.cache/ip/2024.2/0/6/06263d495aba296c/clk_wiz_sys_sim_netlist.v to C:/Users/PC/Desktop/fec_verf/prj/fec_lasercom/fec_lasercom.runs/clk_wiz_sys_synth_1/clk_wiz_sys_sim_netlist.v.
INFO: [IP_Flow 19-6928] IPCACHE: copied cached file c:/Users/PC/Desktop/fec_verf/prj/fec_lasercom/fec_lasercom.cache/ip/2024.2/0/6/06263d495aba296c/clk_wiz_sys_sim_netlist.vhdl to C:/Users/PC/Desktop/fec_verf/prj/fec_lasercom/fec_lasercom.runs/clk_wiz_sys_synth_1/clk_wiz_sys_sim_netlist.vhdl.
INFO: [IP_Flow 19-6928] IPCACHE: copied cached file c:/Users/PC/Desktop/fec_verf/prj/fec_lasercom/fec_lasercom.cache/ip/2024.2/0/6/06263d495aba296c/clk_wiz_sys_stub.v to C:/Users/PC/Desktop/fec_verf/prj/fec_lasercom/fec_lasercom.runs/clk_wiz_sys_synth_1/clk_wiz_sys_stub.v.
INFO: [IP_Flow 19-6928] IPCACHE: copied cached file c:/Users/PC/Desktop/fec_verf/prj/fec_lasercom/fec_lasercom.cache/ip/2024.2/0/6/06263d495aba296c/clk_wiz_sys_stub.vhdl to C:/Users/PC/Desktop/fec_verf/prj/fec_lasercom/fec_lasercom.runs/clk_wiz_sys_synth_1/clk_wiz_sys_stub.vhdl.
INFO: [IP_Flow 19-4838] Using cached IP synthesis design for IP clk_wiz_sys, cache-ID = 06263d495aba296c.
INFO: [Common 17-206] Exiting Vivado at Thu Jan 29 22:03:49 2026...
