Copyright 1986-2022 Xilinx, Inc. All Rights Reserved. Copyright 2022-2024 Advanced Micro Devices, Inc. All Rights Reserved.
---------------------------------------------------------------------------------------------------------------------------------------------
| Tool Version : Vivado v.2024.2 (win64) Build 5239630 Fri Nov 08 22:35:27 MST 2024
| Date         : Sun Feb  8 23:20:17 2026
| Host         : FSO-A running 64-bit major release  (build 9200)
| Command      : report_utilization -file fec_rx_fpga_top_utilization_placed.rpt -pb fec_rx_fpga_top_utilization_placed.pb
| Design       : fec_rx_fpga_top
| Device       : xczu15eg-ffvb1156-2-i
| Speed File   : -2
| Design State : Fully Placed
---------------------------------------------------------------------------------------------------------------------------------------------

Utilization Design Information

Table of Contents
-----------------
1. CLB Logic
1.1 Summary of Registers by Type
2. CLB Logic Distribution
3. BLOCKRAM
4. ARITHMETIC
5. I/O
6. CLOCK
7. ADVANCED
8. CONFIGURATION
9. Primitives
10. Black Boxes
11. Instantiated Netlists

1. CLB Logic
------------

+----------------------------+-------+-------+------------+-----------+-------+
|          Site Type         |  Used | Fixed | Prohibited | Available | Util% |
+----------------------------+-------+-------+------------+-----------+-------+
| CLB LUTs                   | 14376 |     0 |          0 |    341280 |  4.21 |
|   LUT as Logic             | 14280 |     0 |          0 |    341280 |  4.18 |
|   LUT as Memory            |    96 |     0 |          0 |    184320 |  0.05 |
|     LUT as Distributed RAM |    40 |     0 |            |           |       |
|     LUT as Shift Register  |    56 |     0 |            |           |       |
| CLB Registers              | 27700 |     0 |          0 |    682560 |  4.06 |
|   Register as Flip Flop    | 27700 |     0 |          0 |    682560 |  4.06 |
|   Register as Latch        |     0 |     0 |          0 |    682560 |  0.00 |
| CARRY8                     |    79 |     0 |          0 |     42660 |  0.19 |
| F7 Muxes                   |  3274 |     0 |          0 |    170640 |  1.92 |
| F8 Muxes                   |  1530 |     0 |          0 |     85320 |  1.79 |
| F9 Muxes                   |     0 |     0 |          0 |     42660 |  0.00 |
+----------------------------+-------+-------+------------+-----------+-------+
* Warning! LUT value is adjusted to account for LUT combining.


1.1 Summary of Registers by Type
--------------------------------

+-------+--------------+-------------+--------------+
| Total | Clock Enable | Synchronous | Asynchronous |
+-------+--------------+-------------+--------------+
| 0     |            _ |           - |            - |
| 0     |            _ |           - |          Set |
| 0     |            _ |           - |        Reset |
| 0     |            _ |         Set |            - |
| 0     |            _ |       Reset |            - |
| 0     |          Yes |           - |            - |
| 80    |          Yes |           - |          Set |
| 1964  |          Yes |           - |        Reset |
| 67    |          Yes |         Set |            - |
| 25589 |          Yes |       Reset |            - |
+-------+--------------+-------------+--------------+


2. CLB Logic Distribution
-------------------------

+--------------------------------------------+-------+-------+------------+-----------+-------+
|                  Site Type                 |  Used | Fixed | Prohibited | Available | Util% |
+--------------------------------------------+-------+-------+------------+-----------+-------+
| CLB                                        |  5851 |     0 |          0 |     42660 | 13.72 |
|   CLBL                                     |  3228 |     0 |            |           |       |
|   CLBM                                     |  2623 |     0 |            |           |       |
| LUT as Logic                               | 14280 |     0 |          0 |    341280 |  4.18 |
|   using O5 output only                     |   100 |       |            |           |       |
|   using O6 output only                     | 12196 |       |            |           |       |
|   using O5 and O6                          |  1984 |       |            |           |       |
| LUT as Memory                              |    96 |     0 |          0 |    184320 |  0.05 |
|   LUT as Distributed RAM                   |    40 |     0 |            |           |       |
|     using O5 output only                   |     0 |       |            |           |       |
|     using O6 output only                   |     0 |       |            |           |       |
|     using O5 and O6                        |    40 |       |            |           |       |
|   LUT as Shift Register                    |    56 |     0 |            |           |       |
|     using O5 output only                   |     0 |       |            |           |       |
|     using O6 output only                   |    56 |       |            |           |       |
|     using O5 and O6                        |     0 |       |            |           |       |
| CLB Registers                              | 27700 |     0 |          0 |    682560 |  4.06 |
|   Register driven from within the CLB      |  2986 |       |            |           |       |
|   Register driven from outside the CLB     | 24714 |       |            |           |       |
|     LUT in front of the register is unused | 16426 |       |            |           |       |
|     LUT in front of the register is used   |  8288 |       |            |           |       |
| Unique Control Sets                        |  2840 |       |          0 |     85320 |  3.33 |
+--------------------------------------------+-------+-------+------------+-----------+-------+
* * Note: Available Control Sets calculated as Slices * 2, Review the Control Sets Report for more information regarding control sets.


3. BLOCKRAM
-----------

+-------------------+------+-------+------------+-----------+-------+
|     Site Type     | Used | Fixed | Prohibited | Available | Util% |
+-------------------+------+-------+------------+-----------+-------+
| Block RAM Tile    |  519 |     0 |          0 |       744 | 69.76 |
|   RAMB36/FIFO*    |  517 |     0 |          0 |       744 | 69.49 |
|     RAMB36E2 only |  517 |       |            |           |       |
|   RAMB18          |    4 |     0 |          0 |      1488 |  0.27 |
|     RAMB18E2 only |    4 |       |            |           |       |
| URAM              |    0 |     0 |          0 |       112 |  0.00 |
+-------------------+------+-------+------------+-----------+-------+
* Note: Each Block RAM Tile only has one FIFO logic available and therefore can accommodate only one FIFO36E2 or one FIFO18E2. However, if a FIFO18E2 occupies a Block RAM Tile, that tile can still accommodate a RAMB18E2


4. ARITHMETIC
-------------

+----------------+------+-------+------------+-----------+-------+
|    Site Type   | Used | Fixed | Prohibited | Available | Util% |
+----------------+------+-------+------------+-----------+-------+
| DSPs           |    1 |     0 |          0 |      3528 |  0.03 |
|   DSP48E2 only |    1 |       |            |           |       |
+----------------+------+-------+------------+-----------+-------+


5. I/O
------

+------------------+------+-------+------------+-----------+-------+
|     Site Type    | Used | Fixed | Prohibited | Available | Util% |
+------------------+------+-------+------------+-----------+-------+
| Bonded IOB       |    8 |     8 |          0 |       328 |  2.44 |
| HPIOB_M          |    1 |     1 |          0 |        96 |  1.04 |
|   INPUT          |    1 |       |            |           |       |
|   OUTPUT         |    0 |       |            |           |       |
|   BIDIR          |    0 |       |            |           |       |
| HPIOB_S          |    1 |     1 |          0 |        96 |  1.04 |
|   INPUT          |    1 |       |            |           |       |
|   OUTPUT         |    0 |       |            |           |       |
|   BIDIR          |    0 |       |            |           |       |
| HDIOB_M          |    3 |     3 |          0 |        60 |  5.00 |
|   INPUT          |    3 |       |            |           |       |
|   OUTPUT         |    0 |       |            |           |       |
|   BIDIR          |    0 |       |            |           |       |
| HDIOB_S          |    3 |     3 |          0 |        60 |  5.00 |
|   INPUT          |    0 |       |            |           |       |
|   OUTPUT         |    3 |       |            |           |       |
|   BIDIR          |    0 |       |            |           |       |
| HPIOB_SNGL       |    0 |     0 |          0 |        16 |  0.00 |
| HPIOBDIFFINBUF   |    1 |     1 |          0 |        96 |  1.04 |
|   DIFFINBUF      |    1 |     1 |            |           |       |
| HPIOBDIFFOUTBUF  |    0 |     0 |          0 |        96 |  0.00 |
| HDIOBDIFFINBUF   |    0 |     0 |          0 |        60 |  0.00 |
| BITSLICE_CONTROL |    0 |     0 |          0 |        32 |  0.00 |
| BITSLICE_RX_TX   |    0 |     0 |          0 |      1248 |  0.00 |
| BITSLICE_TX      |    0 |     0 |          0 |        32 |  0.00 |
| RIU_OR           |    0 |     0 |          0 |        16 |  0.00 |
+------------------+------+-------+------------+-----------+-------+


6. CLOCK
--------

+------------+------+-------+------------+-----------+-------+
|  Site Type | Used | Fixed | Prohibited | Available | Util% |
+------------+------+-------+------------+-----------+-------+
| BUFGCE     |    2 |     0 |          0 |       116 |  1.72 |
| BUFGCE_DIV |    0 |     0 |          0 |        16 |  0.00 |
| BUFG_GT    |    2 |     0 |          0 |       168 |  1.19 |
| BUFG_PS    |    0 |     0 |          0 |        72 |  0.00 |
| BUFGCTRL*  |    0 |     0 |          0 |        32 |  0.00 |
| PLL        |    0 |     0 |          0 |         8 |  0.00 |
| MMCM       |    1 |     0 |          0 |         4 | 25.00 |
+------------+------+-------+------------+-----------+-------+
* Note: Each used BUFGCTRL counts as two GLOBAL CLOCK BUFFERs. This table does not include global clocking resources, only buffer cell usage. See the Clock Utilization Report (report_clock_utilization) for detailed accounting of global clocking resource availability.


7. ADVANCED
-----------

+-----------------+------+-------+------------+-----------+-------+
|    Site Type    | Used | Fixed | Prohibited | Available | Util% |
+-----------------+------+-------+------------+-----------+-------+
| GTHE4_CHANNEL   |    1 |     1 |          0 |        24 |  4.17 |
| GTHE4_COMMON    |    1 |     0 |          0 |         6 | 16.67 |
| OBUFDS_GTE4     |    0 |     0 |          0 |        12 |  0.00 |
| OBUFDS_GTE4_ADV |    0 |     0 |          0 |        12 |  0.00 |
| PS8             |    0 |     0 |          0 |         1 |  0.00 |
| SYSMONE4        |    0 |     0 |          0 |         1 |  0.00 |
+-----------------+------+-------+------------+-----------+-------+


8. CONFIGURATION
----------------

+-------------+------+-------+------------+-----------+-------+
|  Site Type  | Used | Fixed | Prohibited | Available | Util% |
+-------------+------+-------+------------+-----------+-------+
| BSCANE2     |    0 |     0 |          0 |         4 |  0.00 |
| DNA_PORTE2  |    0 |     0 |          0 |         1 |  0.00 |
| EFUSE_USR   |    0 |     0 |          0 |         1 |  0.00 |
| FRAME_ECCE4 |    0 |     0 |          0 |         1 |  0.00 |
| ICAPE3      |    0 |     0 |          0 |         2 |  0.00 |
| MASTER_JTAG |    0 |     0 |          0 |         1 |  0.00 |
| STARTUPE3   |    0 |     0 |          0 |         1 |  0.00 |
+-------------+------+-------+------------+-----------+-------+


9. Primitives
-------------

+---------------+-------+---------------------+
|    Ref Name   |  Used | Functional Category |
+---------------+-------+---------------------+
| FDRE          | 25589 |            Register |
| LUT6          | 10378 |                 CLB |
| MUXF7         |  3274 |                 CLB |
| LUT5          |  2488 |                 CLB |
| FDCE          |  1964 |            Register |
| MUXF8         |  1530 |                 CLB |
| LUT4          |  1523 |                 CLB |
| LUT3          |  1110 |                 CLB |
| LUT2          |   637 |                 CLB |
| RAMB36E2      |   517 |            BLOCKRAM |
| LUT1          |   128 |                 CLB |
| FDPE          |    80 |            Register |
| CARRY8        |    79 |                 CLB |
| FDSE          |    67 |            Register |
| SRL16E        |    54 |                 CLB |
| RAMS32        |    52 |                 CLB |
| RAMD32        |    28 |                 CLB |
| RAMB18E2      |     4 |            BLOCKRAM |
| IBUFCTRL      |     4 |              Others |
| OBUF          |     3 |                 I/O |
| INBUF         |     3 |                 I/O |
| SRLC32E       |     2 |                 CLB |
| BUFG_GT_SYNC  |     2 |               Clock |
| BUFG_GT       |     2 |               Clock |
| BUFGCE        |     2 |               Clock |
| MMCME4_ADV    |     1 |               Clock |
| IBUFDS_GTE4   |     1 |                 I/O |
| GTHE4_COMMON  |     1 |            Advanced |
| GTHE4_CHANNEL |     1 |            Advanced |
| DSP48E2       |     1 |          Arithmetic |
| DIFFINBUF     |     1 |                 I/O |
+---------------+-------+---------------------+


10. Black Boxes
---------------

+----------+------+
| Ref Name | Used |
+----------+------+


11. Instantiated Netlists
-------------------------

+-----------------------+------+
|        Ref Name       | Used |
+-----------------------+------+
| rs_decoder_0          |    2 |
| gtwizard_ultrascale_0 |    1 |
| clk_wiz_sys           |    1 |
| async_fifo_32w_32r    |    1 |
+-----------------------+------+


